// Jest Snapshot v1, https://goo.gl/fbAQLP

exports[`Navbar matches Navbar snapshot 1`] = `
ShallowWrapper {
  "length": 1,
  Symbol(enzyme.__root__): [Circular],
  Symbol(enzyme.__unrendered__): <Navbar />,
  Symbol(enzyme.__renderer__): Object {
    "batchedUpdates": [Function],
    "getNode": [Function],
    "render": [Function],
    "simulateEvent": [Function],
    "unmount": [Function],
  },
  Symbol(enzyme.__node__): Object {
    "instance": null,
    "key": undefined,
    "nodeType": "class",
    "props": Object {
      "children": Array [
        <styled.img
          alt="logo"
          src="logo.svg"
/>,
        <styled.h1>
          Gif Viewer
</styled.h1>,
        <styled.nav>
          <Styled(NavLink)
                    exact={true}
                    to="/"
          >
                    Trending
          </Styled(NavLink)>
          <Styled(NavLink)
                    to="/favs"
          >
                    Favorites
          </Styled(NavLink)>
</styled.nav>,
      ],
    },
    "ref": null,
    "rendered": Array [
      Object {
        "instance": null,
        "key": undefined,
        "nodeType": "class",
        "props": Object {
          "alt": "logo",
          "src": "logo.svg",
        },
        "ref": null,
        "rendered": null,
        "type": [Function],
      },
      Object {
        "instance": null,
        "key": undefined,
        "nodeType": "class",
        "props": Object {
          "children": "Gif Viewer",
        },
        "ref": null,
        "rendered": "Gif Viewer",
        "type": [Function],
      },
      Object {
        "instance": null,
        "key": undefined,
        "nodeType": "class",
        "props": Object {
          "children": Array [
            <Styled(NavLink)
              exact={true}
              to="/"
>
              Trending
</Styled(NavLink)>,
            <Styled(NavLink)
              to="/favs"
>
              Favorites
</Styled(NavLink)>,
          ],
        },
        "ref": null,
        "rendered": Array [
          Object {
            "instance": null,
            "key": undefined,
            "nodeType": "class",
            "props": Object {
              "children": "Trending",
              "exact": true,
              "to": "/",
            },
            "ref": null,
            "rendered": "Trending",
            "type": [Function],
          },
          Object {
            "instance": null,
            "key": undefined,
            "nodeType": "class",
            "props": Object {
              "children": "Favorites",
              "to": "/favs",
            },
            "ref": null,
            "rendered": "Favorites",
            "type": [Function],
          },
        ],
        "type": [Function],
      },
    ],
    "type": [Function],
  },
  Symbol(enzyme.__nodes__): Array [
    Object {
      "instance": null,
      "key": undefined,
      "nodeType": "class",
      "props": Object {
        "children": Array [
          <styled.img
            alt="logo"
            src="logo.svg"
/>,
          <styled.h1>
            Gif Viewer
</styled.h1>,
          <styled.nav>
            <Styled(NavLink)
                        exact={true}
                        to="/"
            >
                        Trending
            </Styled(NavLink)>
            <Styled(NavLink)
                        to="/favs"
            >
                        Favorites
            </Styled(NavLink)>
</styled.nav>,
        ],
      },
      "ref": null,
      "rendered": Array [
        Object {
          "instance": null,
          "key": undefined,
          "nodeType": "class",
          "props": Object {
            "alt": "logo",
            "src": "logo.svg",
          },
          "ref": null,
          "rendered": null,
          "type": [Function],
        },
        Object {
          "instance": null,
          "key": undefined,
          "nodeType": "class",
          "props": Object {
            "children": "Gif Viewer",
          },
          "ref": null,
          "rendered": "Gif Viewer",
          "type": [Function],
        },
        Object {
          "instance": null,
          "key": undefined,
          "nodeType": "class",
          "props": Object {
            "children": Array [
              <Styled(NavLink)
                exact={true}
                to="/"
>
                Trending
</Styled(NavLink)>,
              <Styled(NavLink)
                to="/favs"
>
                Favorites
</Styled(NavLink)>,
            ],
          },
          "ref": null,
          "rendered": Array [
            Object {
              "instance": null,
              "key": undefined,
              "nodeType": "class",
              "props": Object {
                "children": "Trending",
                "exact": true,
                "to": "/",
              },
              "ref": null,
              "rendered": "Trending",
              "type": [Function],
            },
            Object {
              "instance": null,
              "key": undefined,
              "nodeType": "class",
              "props": Object {
                "children": "Favorites",
                "to": "/favs",
              },
              "ref": null,
              "rendered": "Favorites",
              "type": [Function],
            },
          ],
          "type": [Function],
        },
      ],
      "type": [Function],
    },
  ],
  Symbol(enzyme.__options__): Object {
    "adapter": ReactSixteenAdapter {
      "options": Object {
        "enableComponentDidUpdateOnSetState": true,
      },
    },
  },
}
`;
